2026-08-18 16:02:05 [WARNING] SQL error (attempt 1/3): Binder Error: aggregate function calls cannot contain window function calls

LINE 18:         SUM((run_number - AVG(run_number) OVER()) * (avg_hr - AVG(avg_hr) OVER())...
                                   ^
SQL:
WITH running_data AS (
    SELECT
        Date,
        TRY_CAST(REPLACE("Avg HR", ',', '.') AS DOUBLE) AS avg_hr,
        TRY_CAST(REPLACE("Max HR", ',', '.') AS DOUBLE) AS max_hr,
        ROW_NUMBER() OVER (ORDER BY Date) AS run_number
    FROM data
    WHERE "Activity Type" = 'Running'
      AND "Avg HR" IS NOT NULL
      AND "Avg HR" != ''
      AND "Avg HR" NOT LIKE '%-%'
),
stats AS (
    SELECT
        COUNT(*) AS n,
        AVG(run_number) AS avg_x,
        AVG(avg_hr) AS avg_y,
        SUM((run_number - AVG(run_number) OVER()) * (avg_hr - AVG(avg_hr) OVER())) AS cov_xy,
        SUM((run_number - AVG(run_number) OVER()) * (run_number - AVG(run_number) OVER())) AS var_x,
        MIN(Date) AS earliest_run,
        MAX(Date) AS latest_run,
        MIN(avg_hr) AS min_avg_hr,
        MAX(avg_hr) AS max_avg_hr,
        AVG(avg_hr) AS overall_avg_hr,
        CORR(run_number, avg_hr) AS correlation
    FROM running_data
),
trend AS (
    SELECT
        n,
        earliest_run,
        latest_run,
        min_avg_hr,
        max_avg_hr,
        ROUND(overall_avg_hr, 1) AS overall_avg_hr,
        ROUND(correlation, 4) AS correlation,
        ROUND(cov_xy / NULLIF(var_x, 0), 4) AS slope_bpm_per_run,
        CASE
            WHEN correlation > 0.3 THEN '📈 Upward trend: Avg HR is increasing over time'
            WHEN correlation < -0.3 THEN '📉 Downward trend: Avg HR is decreasing over time'
            ELSE '➡️ No clear trend: Avg HR is relatively stable over time'
        END AS trend_interpretation
    FROM stats
)
SELECT
    n AS total_runs,
    earliest_run,
    latest_run,
    overall_avg_hr,
    min_avg_hr,
    max_avg_hr,
    correlation AS pearson_correlation,
    slope_bpm_per_run AS bpm_change_per_run,
    trend_interpretation
FROM trend;
2026-08-18 16:04:56 [ERROR] Chart rendering failed: 'XAxis' object has no attribute 'set_formatter'
Code:
import matplotlib.pyplot as plt
import matplotlib.patches as mpatches
import numpy as np

fig, ax = plt.subplots(figsize=(10, 6))

# Sort by avg_pace_seconds for consistent display
df_sorted = df.sort_values('avg_pace_seconds')

colors = plt.cm.RdYlGn_r(np.linspace(0.2, 0.8, len(df_sorted)))

bars = ax.barh(df_sorted['location'], df_sorted['avg_pace_seconds'], 
               xerr=df_sorted['stddev_pace_seconds'],
               color=colors, edgecolor='grey', linewidth=0.5,
               error_kw=dict(ecolor='black', capsize=5, capthick=1.5, elinewidth=1.5))

# Add min/max range as scatter points
ax.scatter(df_sorted['min_pace_seconds'], df_sorted['location'], 
           marker='|', color='steelblue', s=200, zorder=5, linewidths=2, label='Min pace')
ax.scatter(df_sorted['max_pace_seconds'], df_sorted['location'], 
           marker='|', color='tomato', s=200, zorder=5, linewidths=2, label='Max pace')

# Annotate bars with avg pace label and num_runs
for i, (_, row) in enumerate(df_sorted.iterrows()):
    ax.text(row['avg_pace_seconds'] + 1.5, i, f"  {row['avg_pace']} /km  (n={row['num_runs']})",
            va='center', fontsize=10, color='black')

# Format x-axis as MM:SS
def seconds_to_mmss(x, pos):
    mins = int(x) // 60
    secs = int(x) % 60
    return f"{mins}:{secs:02d}"

from matplotlib.ticker import FuncFormatter
ax.xaxis.set_formatter(FuncFormatter(seconds_to_mmss))

ax.set_xlabel('Average Pace (min/km)', fontsize=12)
ax.set_ylabel('Location', fontsize=12)
ax.set_title('Correlation Between Location and Running Pace\n(bars = avg ± stddev, markers = min/max)', fontsize=13)
ax.legend(loc='lower right', fontsize=10)
ax.set_xlim(360, 460)
ax.invert_yaxis()

plt.tight_layout()
plt.show()
2026-08-18 16:06:24 [ERROR] Chart rendering failed: invalid literal for int() with base 10: '6.'
Code:
import matplotlib.pyplot as plt
import matplotlib.patches as mpatches
import numpy as np

fig, ax = plt.subplots(figsize=(10, 6))

# Sort by avg_pace_seconds for clearest comparison
df_sorted = df.sort_values('avg_pace_seconds')

locations = df_sorted['location']
avg_pace = df_sorted['avg_pace_seconds']
fastest = df_sorted['fastest_pace'].apply(lambda x: int(x.split(':')[0]) * 60 + int(x.split(':')[1].replace('.', '').strip()))
slowest = df_sorted['slowest_pace'].apply(lambda x: int(x.split(':')[0]) * 60 + int(x.split(':')[1].replace('.', '').strip()))

x = np.arange(len(locations))
bar_width = 0.5

bars = ax.bar(x, avg_pace, bar_width, color='steelblue', alpha=0.8, label='Avg Pace', zorder=3)

# Add error bars showing fastest to slowest range
yerr_lower = avg_pace.values - fastest.values
yerr_upper = slowest.values - avg_pace.values
ax.errorbar(x, avg_pace, yerr=[yerr_lower, yerr_upper],
            fmt='none', color='darkred', capsize=8, capthick=2, linewidth=2, label='Fastest–Slowest Range')

# Annotate bars with avg pace label
for i, (bar, val, n) in enumerate(zip(bars, df_sorted['avg_pace'], df_sorted['num_runs'])):
    ax.text(bar.get_x() + bar.get_width() / 2, bar.get_height() + 3,
            f"{val}\n(n={n})", ha='center', va='bottom', fontsize=9, fontweight='bold')

# Y-axis: convert seconds to mm:ss
def seconds_to_mmss(s, pos=None):
    m = int(s) // 60
    sec = int(s) % 60
    return f"{m}:{sec:02d}"

from matplotlib.ticker import FuncFormatter
ax.yaxis.set_major_formatter(FuncFormatter(seconds_to_mmss))

ax.set_xticks(x)
ax.set_xticklabels(locations, fontsize=11)
ax.set_ylabel('Pace (min:sec per km)', fontsize=12)
ax.set_xlabel('Location', fontsize=12)
ax.set_title('Average Running Pace by Location\n(with Fastest–Slowest Range)', fontsize=14, fontweight='bold')
ax.set_ylim(360, 460)
ax.yaxis.grid(True, linestyle='--', alpha=0.6)
ax.set_axisbelow(True)
ax.legend(fontsize=10)

plt.tight_layout()
plt.show()
2026-08-18 16:14:58 [WARNING] SQL error (attempt 1/3): Conversion Error: Could not convert string '--' to INT32

LINE 4: ORDER BY CAST(SPLIT_PART("Best Pace", ':', 1) AS INTEGER) * 60 +...
                 ^
SQL:
SELECT Title, Date, "Avg HR", "Max HR", "Best Pace"
FROM data
WHERE "Best Pace" IS NOT NULL AND "Best Pace" != ''
ORDER BY CAST(SPLIT_PART("Best Pace", ':', 1) AS INTEGER) * 60 + CAST(SPLIT_PART("Best Pace", ':', 2) AS INTEGER) ASC
LIMIT 1;
2026-08-19 11:41:57 [ERROR] Chart rendering failed: Can only use .str accessor with string values, not datetime64
Code:
import matplotlib.pyplot as plt
import matplotlib.dates as mdates
import numpy as np
import pandas as pd

# Parse dates and distances
df['Date_parsed'] = pd.to_datetime(df['Date'].str.split().str[0])
df['Distance_float'] = df['Distance'].str.replace(',', '.').astype(float)

# Convert Avg Pace (MM:SS) to total seconds for plotting
def pace_to_seconds(pace_str):
    parts = pace_str.strip().split(':')
    return int(parts[0]) * 60 + int(parts[1])

df['Pace_seconds'] = df['Avg Pace'].apply(pace_to_seconds)

# Create figure with two y-axes
fig, ax1 = plt.subplots(figsize=(10, 6))

# Bar chart for distance
bar_color = '#4C9BE8'
bars = ax1.bar(df['Date_parsed'], df['Distance_float'], color=bar_color, alpha=0.75, width=0.6, label='Distance (km)')
ax1.set_xlabel('Date', fontsize=12)
ax1.set_ylabel('Distance (km)', fontsize=12, color=bar_color)
ax1.tick_params(axis='y', labelcolor=bar_color)
ax1.set_ylim(0, df['Distance_float'].max() * 1.4)

# Add distance labels on bars
for bar, dist in zip(bars, df['Distance_float']):
    ax1.text(bar.get_x() + bar.get_width() / 2, bar.get_height() + 0.1,
             f'{dist:.2f} km', ha='center', va='bottom', fontsize=10, color=bar_color, fontweight='bold')

# Second y-axis for pace
ax2 = ax1.twinx()
pace_color = '#E8734C'
ax2.plot(df['Date_parsed'], df['Pace_seconds'], color=pace_color, marker='o', linewidth=2.5,
         markersize=8, label='Avg Pace (min/km)')
ax2.set_ylabel('Avg Pace (min/km)', fontsize=12, color=pace_color)
ax2.tick_params(axis='y', labelcolor=pace_color)

# Format y-axis ticks for pace as MM:SS
def seconds_to_mmss(x, pos):
    mins = int(x) // 60
    secs = int(x) % 60
    return f'{mins}:{secs:02d}'

ax2.yaxis.set_major_formatter(plt.FuncFormatter(seconds_to_mmss))

# Add pace labels on line points
for x, y, pace in zip(df['Date_parsed'], df['Pace_seconds'], df['Avg Pace']):
    ax2.annotate(pace.strip(), xy=(x, y), xytext=(0, 12), textcoords='offset points',
                 ha='center', fontsize=10, color=pace_color, fontweight='bold')

# Invert pace axis (lower pace = faster = better, shown higher)
ax2.invert_yaxis()
pace_min = df['Pace_seconds'].min()
pace_max = df['Pace_seconds'].max()
margin = 30
ax2.set_ylim(pace_min - margin, pace_max + margin * 3)

# Format x-axis
ax1.xaxis.set_major_formatter(mdates.DateFormatter('%b %d'))
ax1.xaxis.set_major_locator(mdates.DayLocator())
plt.xticks(rotation=15)

# Title and legends
plt.title('December 2025 Runs – Distance & Avg Pace', fontsize=14, fontweight='bold', pad=15)

lines1, labels1 = ax1.get_legend_handles_labels()
lines2, labels2 = ax2.get_legend_handles_labels()
ax1.legend(lines1 + lines2, labels1 + labels2, loc='upper left', fontsize=10)

plt.tight_layout()

plt.gcf().suptitle('Q: "show my runs in december 2025 together with the pace"', fontsize=13, fontweight='bold', y=1.02)
plt.tight_layout()
2026-08-20 09:06:59 [ERROR] Chart rendering failed: could not convert string to float: '6:54'
Code:
import matplotlib.pyplot as plt
import matplotlib.dates as mdates

# Convert Date column to datetime
df['Date'] = pd.to_datetime(df['Date'])

# Create figure and axis
fig, (ax1, ax2, ax3) = plt.subplots(3, 1, figsize=(12, 15), sharex=True)

# Plot 1: Distance over time
ax1.plot(df['Date'], df['Distance'], marker='o', linestyle='-', color='tab:blue')
ax1.set_ylabel('Distance (km)')
ax1.set_title('Running Distance Over Time in 2026')
ax1.grid(True, alpha=0.3)
ax1.xaxis.set_major_formatter(mdates.DateFormatter('%b %d'))
ax1.xaxis.set_major_locator(mdates.MonthLocator())

# Plot 2: Pace over time
ax2.plot(df['Date'], df['Avg Pace'].str.replace(',', '.').astype(float), marker='o', linestyle='-', color='tab:orange')
ax2.set_ylabel('Average Pace (min/km)')
ax2.invert_yaxis()  # Faster pace (lower number) at top
ax2.grid(True, alpha=0.3)
ax2.xaxis.set_major_formatter(mdates.DateFormatter('%b %d'))
ax2.xaxis.set_major_locator(mdates.MonthLocator())

# Plot 3: Calories over time
ax3.plot(df['Date'], df['Calories'], marker='o', linestyle='-', color='tab:green')
ax3.set_ylabel('Calories Burned')
ax3.set_xlabel('Date')
ax3.grid(True, alpha=0.3)
ax3.xaxis.set_major_formatter(mdates.DateFormatter('%b %d'))
ax3.xaxis.set_major_locator(mdates.MonthLocator())

plt.tight_layout()

plt.gcf().suptitle('Q: "what are my runs in 2026"', fontsize=13, fontweight='bold', y=1.02)
plt.tight_layout()
2026-08-21 20:33:19 [WARNING] SQL error (attempt 1/3): Binder Error: column "Date" must appear in the GROUP BY clause or must be part of an aggregate function.
Either add it to the GROUP BY list, or use "ANY_VALUE(Date)" if the exact value of "Date" is not important.

LINE 2:     "Date",
            ^
SQL:
SELECT
    "Date",
    TRY_CAST(REPLACE("Distance", ',', '.') AS DOUBLE) AS Distance,
    TRY_CAST(REPLACE("Calories", ',', '.') AS DOUBLE) AS Calories,
    "Time",
    TRY_CAST(REPLACE("Avg HR", ',', '.') AS DOUBLE) AS Avg_HR,
    TRY_CAST(REPLACE("Max HR", ',', '.') AS DOUBLE) AS Max_HR,
    TRY_CAST(REPLACE("Aerobic TE", ',', '.') AS DOUBLE) AS Aerobic_TE,
    TRY_CAST(REPLACE("Avg Run Cadence", ',', '.') AS DOUBLE) AS Avg_Run_Cadence,
    TRY_CAST(REPLACE("Max Run Cadence", ',', '.') AS DOUBLE) AS Max_Run_Cadence,
    "Avg Pace",
    "Best Pace",
    TRY_CAST(REPLACE("Total Ascent", ',', '.') AS DOUBLE) AS Total_Ascent,
    TRY_CAST(REPLACE("Total Descent", ',', '.') AS DOUBLE) AS Total_Descent,
    TRY_CAST(REPLACE("Steps", ',', '.') AS DOUBLE) AS Steps,
    TRY_CAST(REPLACE("Body Battery Drain", ',', '.') AS DOUBLE) AS Body_Battery_Drain,
    "Number of Laps",
    "Moving Time",
    "Elapsed Time",
    TRY_CAST(REPLACE("Min Elevation", ',', '.') AS DOUBLE) AS Min_Elevation,
    TRY_CAST(REPLACE("Max Elevation", ',', '.') AS DOUBLE) AS Max_Elevation,
    -- Trend line values (using linear regression)
    regr_slope(TRY_CAST(REPLACE("Distance", ',', '.') AS DOUBLE), EXTRACT(EPOCH FROM "Date")) * EXTRACT(EPOCH FROM "Date") +
    regr_intercept(TRY_CAST(REPLACE("Distance", ',', '.') AS DOUBLE), EXTRACT(EPOCH FROM "Date")) AS Distance_Trend
FROM data
WHERE "Activity Type" = 'Running' AND EXTRACT(YEAR FROM "Date") = 2026
ORDER BY "Date";
2026-08-21 20:33:23 [WARNING] SQL error (attempt 2/3): Binder Error: column "Distance" must appear in the GROUP BY clause or must be part of an aggregate function.
Either add it to the GROUP BY list, or use "ANY_VALUE(Distance)" if the exact value of "Distance" is not important.

LINE 3:     TRY_CAST(REPLACE("Distance", ',', '.') AS DOUBLE) AS Distance,
                             ^
SQL:
SELECT
    "Date",
    TRY_CAST(REPLACE("Distance", ',', '.') AS DOUBLE) AS Distance,
    TRY_CAST(REPLACE("Calories", ',', '.') AS DOUBLE) AS Calories,
    "Time",
    TRY_CAST(REPLACE("Avg HR", ',', '.') AS DOUBLE) AS Avg_HR,
    TRY_CAST(REPLACE("Max HR", ',', '.') AS DOUBLE) AS Max_HR,
    TRY_CAST(REPLACE("Aerobic TE", ',', '.') AS DOUBLE) AS Aerobic_TE,
    TRY_CAST(REPLACE("Avg Run Cadence", ',', '.') AS DOUBLE) AS Avg_Run_Cadence,
    TRY_CAST(REPLACE("Max Run Cadence", ',', '.') AS DOUBLE) AS Max_Run_Cadence,
    "Avg Pace",
    "Best Pace",
    TRY_CAST(REPLACE("Total Ascent", ',', '.') AS DOUBLE) AS Total_Ascent,
    TRY_CAST(REPLACE("Total Descent", ',', '.') AS DOUBLE) AS Total_Descent,
    TRY_CAST(REPLACE("Steps", ',', '.') AS DOUBLE) AS Steps,
    TRY_CAST(REPLACE("Body Battery Drain", ',', '.') AS DOUBLE) AS Body_Battery_Drain,
    "Number of Laps",
    "Moving Time",
    "Elapsed Time",
    TRY_CAST(REPLACE("Min Elevation", ',', '.') AS DOUBLE) AS Min_Elevation,
    TRY_CAST(REPLACE("Max Elevation", ',', '.') AS DOUBLE) AS Max_Elevation,
    regr_slope(TRY_CAST(REPLACE("Distance", ',', '.') AS DOUBLE), EXTRACT(EPOCH FROM "Date")) * EXTRACT(EPOCH FROM "Date") +
    regr_intercept(TRY_CAST(REPLACE("Distance", ',', '.') AS DOUBLE), EXTRACT(EPOCH FROM "Date")) AS Distance_Trend
FROM data
WHERE "Activity Type" = 'Running' AND EXTRACT(YEAR FROM "Date") = 2026
GROUP BY "Date", "Time", "Avg Pace", "Best Pace", "Moving Time", "Elapsed Time", "Number of Laps"
ORDER BY "Date";
2026-08-22 13:58:36 [WARNING] SQL error (attempt 1/3): Parser Error: syntax error at or near "Type"

LINE 3: WHERE Activity Type = 'Running'
                       ^
SQL:
SELECT *
FROM data
WHERE Activity Type = 'Running'
  AND EXTRACT(YEAR FROM Date) = 2025
2026-08-22 13:58:51 [ERROR] Chart rendering failed: invalid syntax (<string>, line 3)
Code:
YES

```python
import matplotlib.pyplot as plt

# Convert Date to datetime and sort
df['Date'] = pd.to_datetime(df['Date'])
df = df.sort_values('Date')

# Plot distance over time
plt.figure(figsize=(12, 6))
plt.plot(df['Date'], df['Distance'], marker='o', linestyle='-', color='b')
plt.title('Running Distance Over Time in 2025')
plt.xlabel('Date')
plt.ylabel('Distance (km)')
plt.grid(True, alpha=0.3)
plt.tight_layout()

plt.gcf().suptitle('Q: "Show all my runs in 2025
"', fontsize=13, fontweight='bold', y=1.02)
plt.tight_layout()
2026-08-22 14:00:09 [WARNING] SQL error (attempt 1/3): Binder Error: column "Title" must appear in the GROUP BY clause or must be part of an aggregate function.
Either add it to the GROUP BY list, or use "ANY_VALUE(Title)" if the exact value of "Title" is not important.

LINE 12:     Title,
             ^
SQL:
WITH cleaned AS (
  SELECT
    Title,
    TRY_CAST(REPLACE("Distance", ',', '.') AS DOUBLE) AS distance,
    TRY_CAST(REPLACE("Total Ascent", ',', '.') AS DOUBLE) AS total_ascent,
    TRY_CAST(REPLACE("Total Descent", ',', '.') AS DOUBLE) AS total_descent
  FROM data
  WHERE "Activity Type" = 'Running'
),
grouped AS (
  SELECT
    Title,
    distance,
    total_ascent,
    total_descent,
    COUNT(*) AS count
  FROM cleaned
  WHERE distance IS NOT NULL
    AND total_ascent IS NOT NULL
    AND total_descent IS NOT NULL
  GROUP BY
    ROUND(distance * 10) / 10,
    ROUND(total_ascent * 10) / 10,
    ROUND(total_descent * 10) / 10
)
SELECT COUNT(*) AS identified_tracks
FROM grouped
WHERE count > 1
